// Jest Snapshot v1, https://goo.gl/fbAQLP

exports[`<Ranking /> renders <Ranking /> 1`] = `
<section
  class="styles__Container-sc-9qjjy7-0 dsJXrG"
  title="7"
>
  <header
    class="styles__Header-sc-9qjjy7-1 ejqAhC"
  >
    Ranking
  </header>
  <table
    class="styles-sc-125e0ud-0 bxUohM"
  >
    <thead
      class="styles__Thead-sc-125e0ud-1 eYSPVw"
    >
      <tr>
        <td />
        <td>
          Username
        </td>
        <td>
          WPM
        </td>
        <td>
          When
        </td>
      </tr>
    </thead>
    <tbody>
      <tr>
        <td>
          1.
        </td>
        <td>
          Satania
        </td>
        <td>
          120
        </td>
        <td>
          1h
        </td>
      </tr>
      <tr>
        <td>
          2.
        </td>
        <td>
          Gabriel
        </td>
        <td>
          89
        </td>
        <td>
          3h
        </td>
      </tr>
      <tr>
        <td>
          3.
        </td>
        <td>
          Vigne
        </td>
        <td>
          70
        </td>
        <td>
          5h
        </td>
      </tr>
      <tr>
        <td>
          4.
        </td>
        <td>
          Raphi
        </td>
        <td>
          68
        </td>
        <td>
          5d
        </td>
      </tr>
      <tr>
        <td>
          5.
        </td>
        <td>
          Megumin
        </td>
        <td>
          59
        </td>
        <td>
          2d
        </td>
      </tr>
      <tr>
        <td>
          6.
        </td>
        <td>
          Aqua
        </td>
        <td>
          55
        </td>
        <td>
          4d
        </td>
      </tr>
      <tr>
        <td>
          7.
        </td>
        <td>
          Darkness
        </td>
        <td>
          50
        </td>
        <td>
          1h
        </td>
      </tr>
      <tr>
        <td>
          8.
        </td>
        <td>
          Emilia
        </td>
        <td>
          30
        </td>
        <td>
          30m
        </td>
      </tr>
      <tr>
        <td>
          9.
        </td>
        <td>
          Rem
        </td>
        <td>
          23
        </td>
        <td>
          10h
        </td>
      </tr>
      <tr>
        <td>
          10.
        </td>
        <td>
          Ram
        </td>
        <td>
          10
        </td>
        <td>
          9h
        </td>
      </tr>
    </tbody>
  </table>
</section>
`;
