// Jest Snapshot v1, https://goo.gl/fbAQLP

exports[`<Navbar /> renders <Navbar /> 1`] = `
<header
  class="styles__Header-sc-1t99mi9-1 cOzRNy"
>
  <a
    href="/"
  >
    <h2
      class="styles-sc-1oia5aj-0 haoxBK"
    >
      TypingTest
    </h2>
  </a>
  <nav>
    <nav
      class="styles__Ul-sc-1t99mi9-0 gGEcrE"
    >
      <li>
        <a
          class="styles-ja41pm-0 cYqeyQ"
          href="/"
        >
          
          <p>
            play now
          </p>
        </a>
      </li>
      <li>
        <a
          class="styles-ja41pm-0 cYqeyQ"
          href="/ranking"
        >
          
          <p>
            ranking
          </p>
        </a>
      </li>
      <li>
        <a
          class="styles-ja41pm-0 cYqeyQ"
          href="/settings"
        >
          
          <p>
            settings
          </p>
        </a>
      </li>
      <li>
        <a
          class="styles-ja41pm-0 cYqeyQ"
          href="/sign-up"
        >
          
          <p>
            sign up
          </p>
        </a>
      </li>
    </nav>
  </nav>
</header>
`;
