// Jest Snapshot v1, https://goo.gl/fbAQLP

exports[`<Navbar /> renders <Navbar /> 1`] = `
<footer
  class="styles__Wrapper-yt96dg-0 iYiSqY"
>
  <div
    class="container-tfwxup-0 PjAJF"
    style="margin: 0px auto;"
  >
    <section
      class="styles__Copyright-yt96dg-2 jraqFv"
    >
      <span>
        © 2021
      </span>
       
      <span>
        created by Paweł Kołaczyński
      </span>
    </section>
    <ul
      class="styles__LinksWrapper-yt96dg-1 WAOqC"
    >
      <li>
        <a
          class="styles-ja41pm-0 elKeK"
          href="https://github.com/kolaczyn/typing-test"
          label="github"
          target="_blank"
          to=""
        >
          <i
            class="fab fa-github"
          />
          <p>
            github
          </p>
        </a>
      </li>
      <li>
        <a
          class="styles-ja41pm-0 elKeK"
          href="https://twitter.com/kolaczyn"
          label="twitter"
          target="_blank"
          to=""
        >
          <i
            class="fab fa-twitter"
          />
          <p>
            twitter
          </p>
        </a>
      </li>
      <li>
        <a
          class="styles-ja41pm-0 elKeK"
          href="mailto:kolaczyn@protonmail.com"
          label="email"
          to=""
        >
          <i
            class="fas fa-envelope"
          />
          <p>
            email
          </p>
        </a>
      </li>
      <li>
        <a
          class="styles-ja41pm-0 elKeK"
          href="https://kolaczyn.com"
          label="website"
          target="_blank"
          to=""
        >
          <i
            class="fas fa-code"
          />
          <p>
            website
          </p>
        </a>
      </li>
    </ul>
  </div>
</footer>
`;
